buf_io.c:6:10:buf_io_swap16	24	static
buf_io.c:13:10:buf_io_swap32	24	static
buf_io.c:22:6:buf_io_swap16p	24	static
buf_io.c:31:6:buf_io_swap32p	24	static
buf_io.c:44:9:buf_io_swap8b	24	static
buf_io.c:59:9:buf_io_get8_fl	16	static
buf_io.c:64:9:buf_io_get8_fb	16	static
buf_io.c:69:9:buf_io_get8_fl_apr	24	static
buf_io.c:76:9:buf_io_get8_fb_apr	24	static
buf_io.c:85:10:buf_io_get16_fl	24	static
buf_io.c:91:10:buf_io_get16_fb	24	static
buf_io.c:97:10:buf_io_get16_fl_apr	24	static
buf_io.c:104:10:buf_io_get16_fb_apr	24	static
buf_io.c:113:10:buf_io_get32_fl	24	static
buf_io.c:119:10:buf_io_get32_fb	24	static
buf_io.c:125:10:buf_io_get32_fl_apr	24	static
buf_io.c:132:10:buf_io_get32_fb_apr	24	static
buf_io.c:141:10:buf_io_get64_fl	88	static
buf_io.c:151:10:buf_io_get64_fb	88	static
buf_io.c:161:10:buf_io_get64_fl_apr	32	static
buf_io.c:168:10:buf_io_get64_fb_apr	32	static
buf_io.c:177:7:buf_io_getf_fl	24	static
buf_io.c:183:7:buf_io_getf_fb	24	static
buf_io.c:189:7:buf_io_getf_fl_apr	24	static
buf_io.c:196:7:buf_io_getf_fb_apr	24	static
buf_io.c:205:8:buf_io_getd_fl	32	static
buf_io.c:211:8:buf_io_getd_fb	32	static
buf_io.c:217:8:buf_io_getd_fl_apr	32	static
buf_io.c:224:8:buf_io_getd_fb_apr	32	static
buf_io.c:233:6:buf_io_put8_tl	16	static
buf_io.c:238:6:buf_io_put8_tb	16	static
buf_io.c:243:6:buf_io_put8_tl_apr	16	static
buf_io.c:249:6:buf_io_put8_tb_apr	16	static
buf_io.c:257:6:buf_io_put16_tl	16	static
buf_io.c:263:6:buf_io_put16_tb	16	static
buf_io.c:269:6:buf_io_put16_tl_apr	16	static
buf_io.c:275:6:buf_io_put16_tb_apr	16	static
buf_io.c:283:6:buf_io_put32_tl	16	static
buf_io.c:291:6:buf_io_put32_tb	16	static
buf_io.c:299:6:buf_io_put32_tl_apr	16	static
buf_io.c:305:6:buf_io_put32_tb_apr	16	static
buf_io.c:313:6:buf_io_put64_tl	80	static
buf_io.c:325:6:buf_io_put64_tb	80	static
buf_io.c:337:6:buf_io_put64_tl_apr	24	static
buf_io.c:343:6:buf_io_put64_tb_apr	24	static
buf_io.c:351:6:buf_io_putf_tl	16	static
buf_io.c:356:6:buf_io_putf_tb	16	static
buf_io.c:361:6:buf_io_putf_tl_apr	16	static
buf_io.c:367:6:buf_io_putf_tb_apr	16	static
buf_io.c:375:6:buf_io_putd_tl	32	static
buf_io.c:380:6:buf_io_putd_tb	32	static
buf_io.c:385:6:buf_io_putd_tl_apr	24	static
buf_io.c:391:6:buf_io_putd_tb_apr	24	static
